1780153326.487755 client started (87699): version 3.6b, socket /private/tmp/tmux-501/default, protocol 8
1780153326.487787 on Darwin 24.6.0 Darwin Kernel Version 24.6.0: Wed Nov  5 21:28:03 PST 2025; root:xnu-11417.140.69.705.2~1/RELEASE_ARM64_T8122
1780153326.487792 using libevent 2.1.12-stable select
1780153326.488055 using utf8proc 2.11.3
1780153326.488061 using ncurses 6.6 20251230
1780153326.488072 flags are 0x18010000
1780153326.488075 socket is /private/tmp/tmux-501/default
1780153326.488081 trying connect
1780153326.488089 connect failed: Connection refused
1780153326.488097 lock file is /private/tmp/tmux-501/default.lock
1780153326.488320 flock succeeded
1780153326.488323 got lock (6)
1780153326.488326 trying connect
1780153326.488330 connect failed: Connection refused
1780153326.488841 add peer 0x600000110000: 7 (0x0)
1780153326.491100 sending message 111 to peer 0x600000110000 (8 bytes)
1780153326.491107 sending message 111 to peer 0x600000110000 (8 bytes)
1780153326.491111 sending message 101 to peer 0x600000110000 (15 bytes)
1780153326.491114 sending message 109 to peer 0x600000110000 (4 bytes)
1780153326.491118 sending message 102 to peer 0x600000110000 (13 bytes)
1780153326.491121 sending message 108 to peer 0x600000110000 (35 bytes)
1780153326.491125 sending message 112 to peer 0x600000110000 (58 bytes)
1780153326.491128 sending message 112 to peer 0x600000110000 (5 bytes)
1780153326.491131 sending message 112 to peer 0x600000110000 (5 bytes)
1780153326.491135 sending message 112 to peer 0x600000110000 (6 bytes)
1780153326.491138 sending message 112 to peer 0x600000110000 (6 bytes)
1780153326.491142 sending message 112 to peer 0x600000110000 (11 bytes)
1780153326.491145 sending message 112 to peer 0x600000110000 (10 bytes)
1780153326.491148 sending message 112 to peer 0x600000110000 (13 bytes)
1780153326.491151 sending message 112 to peer 0x600000110000 (14 bytes)
1780153326.491154 sending message 112 to peer 0x600000110000 (19 bytes)
1780153326.491158 sending message 112 to peer 0x600000110000 (11 bytes)
1780153326.491161 sending message 112 to peer 0x600000110000 (10 bytes)
1780153326.491164 sending message 112 to peer 0x600000110000 (15 bytes)
1780153326.491167 sending message 112 to peer 0x600000110000 (21 bytes)
1780153326.491171 sending message 112 to peer 0x600000110000 (13 bytes)
1780153326.491175 sending message 112 to peer 0x600000110000 (7 bytes)
1780153326.491178 sending message 112 to peer 0x600000110000 (13 bytes)
1780153326.491181 sending message 112 to peer 0x600000110000 (7 bytes)
1780153326.491184 sending message 112 to peer 0x600000110000 (13 bytes)
1780153326.491188 sending message 112 to peer 0x600000110000 (9 bytes)
1780153326.491191 sending message 112 to peer 0x600000110000 (21 bytes)
1780153326.491194 sending message 112 to peer 0x600000110000 (13 bytes)
1780153326.491198 sending message 112 to peer 0x600000110000 (9 bytes)
1780153326.491201 sending message 112 to peer 0x600000110000 (16 bytes)
1780153326.491204 sending message 112 to peer 0x600000110000 (13 bytes)
1780153326.491207 sending message 112 to peer 0x600000110000 (9 bytes)
1780153326.491211 sending message 112 to peer 0x600000110000 (9 bytes)
1780153326.491214 sending message 112 to peer 0x600000110000 (12 bytes)
1780153326.491218 sending message 112 to peer 0x600000110000 (8 bytes)
1780153326.491221 sending message 112 to peer 0x600000110000 (8 bytes)
1780153326.491224 sending message 112 to peer 0x600000110000 (13 bytes)
1780153326.491227 sending message 112 to peer 0x600000110000 (7 bytes)
1780153326.491231 sending message 112 to peer 0x600000110000 (7 bytes)
1780153326.491234 sending message 112 to peer 0x600000110000 (9 bytes)
1780153326.491237 sending message 112 to peer 0x600000110000 (9 bytes)
1780153326.491239 sending message 112 to peer 0x600000110000 (15 bytes)
1780153326.491242 sending message 112 to peer 0x600000110000 (13 bytes)
1780153326.491246 sending message 112 to peer 0x600000110000 (12 bytes)
1780153326.491249 sending message 112 to peer 0x600000110000 (8 bytes)
1780153326.491252 sending message 112 to peer 0x600000110000 (14 bytes)
1780153326.491260 sending message 112 to peer 0x600000110000 (11 bytes)
1780153326.491262 sending message 112 to peer 0x600000110000 (9 bytes)
1780153326.491263 sending message 112 to peer 0x600000110000 (10 bytes)
1780153326.491266 sending message 112 to peer 0x600000110000 (10 bytes)
1780153326.491269 sending message 112 to peer 0x600000110000 (10 bytes)
1780153326.491271 sending message 112 to peer 0x600000110000 (10 bytes)
1780153326.491273 sending message 112 to peer 0x600000110000 (11 bytes)
1780153326.491276 sending message 112 to peer 0x600000110000 (12 bytes)
1780153326.491279 sending message 112 to peer 0x600000110000 (12 bytes)
1780153326.491282 sending message 112 to peer 0x600000110000 (12 bytes)
1780153326.491284 sending message 112 to peer 0x600000110000 (12 bytes)
1780153326.491287 sending message 112 to peer 0x600000110000 (12 bytes)
1780153326.491289 sending message 112 to peer 0x600000110000 (11 bytes)
1780153326.491292 sending message 112 to peer 0x600000110000 (11 bytes)
1780153326.491294 sending message 112 to peer 0x600000110000 (12 bytes)
1780153326.491296 sending message 112 to peer 0x600000110000 (12 bytes)
1780153326.491299 sending message 112 to peer 0x600000110000 (12 bytes)
1780153326.491301 sending message 112 to peer 0x600000110000 (12 bytes)
1780153326.491304 sending message 112 to peer 0x600000110000 (12 bytes)
1780153326.491307 sending message 112 to peer 0x600000110000 (9 bytes)
1780153326.491309 sending message 112 to peer 0x600000110000 (12 bytes)
1780153326.491311 sending message 112 to peer 0x600000110000 (13 bytes)
1780153326.491314 sending message 112 to peer 0x600000110000 (13 bytes)
1780153326.491316 sending message 112 to peer 0x600000110000 (13 bytes)
1780153326.491318 sending message 112 to peer 0x600000110000 (13 bytes)
1780153326.491321 sending message 112 to peer 0x600000110000 (13 bytes)
1780153326.491323 sending message 112 to peer 0x600000110000 (8 bytes)
1780153326.491326 sending message 112 to peer 0x600000110000 (11 bytes)
1780153326.491329 sending message 112 to peer 0x600000110000 (11 bytes)
1780153326.491330 sending message 112 to peer 0x600000110000 (11 bytes)
1780153326.491333 sending message 112 to peer 0x600000110000 (12 bytes)
1780153326.491335 sending message 112 to peer 0x600000110000 (12 bytes)
1780153326.491338 sending message 112 to peer 0x600000110000 (12 bytes)
1780153326.491340 sending message 112 to peer 0x600000110000 (12 bytes)
1780153326.491342 sending message 112 to peer 0x600000110000 (13 bytes)
1780153326.491344 sending message 112 to peer 0x600000110000 (13 bytes)
1780153326.491347 sending message 112 to peer 0x600000110000 (13 bytes)
1780153326.491349 sending message 112 to peer 0x600000110000 (8 bytes)
1780153326.491352 sending message 112 to peer 0x600000110000 (13 bytes)
1780153326.491354 sending message 112 to peer 0x600000110000 (13 bytes)
1780153326.491357 sending message 112 to peer 0x600000110000 (13 bytes)
1780153326.491359 sending message 112 to peer 0x600000110000 (13 bytes)
1780153326.491360 sending message 112 to peer 0x600000110000 (13 bytes)
1780153326.491363 sending message 112 to peer 0x600000110000 (12 bytes)
1780153326.491365 sending message 112 to peer 0x600000110000 (12 bytes)
1780153326.491367 sending message 112 to peer 0x600000110000 (12 bytes)
1780153326.491370 sending message 112 to peer 0x600000110000 (12 bytes)
1780153326.491372 sending message 112 to peer 0x600000110000 (13 bytes)
1780153326.491375 sending message 112 to peer 0x600000110000 (8 bytes)
1780153326.491377 sending message 112 to peer 0x600000110000 (13 bytes)
1780153326.491380 sending message 112 to peer 0x600000110000 (13 bytes)
1780153326.491382 sending message 112 to peer 0x600000110000 (13 bytes)
1780153326.491385 sending message 112 to peer 0x600000110000 (13 bytes)
1780153326.491388 sending message 112 to peer 0x600000110000 (13 bytes)
1780153326.491391 sending message 112 to peer 0x600000110000 (13 bytes)
1780153326.491393 sending message 112 to peer 0x600000110000 (13 bytes)
1780153326.491396 sending message 112 to peer 0x600000110000 (12 bytes)
1780153326.491402 sending message 112 to peer 0x600000110000 (12 bytes)
1780153326.491405 sending message 112 to peer 0x600000110000 (12 bytes)
1780153326.491408 sending message 112 to peer 0x600000110000 (8 bytes)
1780153326.491411 sending message 112 to peer 0x600000110000 (12 bytes)
1780153326.491414 sending message 112 to peer 0x600000110000 (13 bytes)
1780153326.491417 sending message 112 to peer 0x600000110000 (13 bytes)
1780153326.491420 sending message 112 to peer 0x600000110000 (13 bytes)
1780153326.491422 sending message 112 to peer 0x600000110000 (13 bytes)
1780153326.491425 sending message 112 to peer 0x600000110000 (13 bytes)
1780153326.491427 sending message 112 to peer 0x600000110000 (13 bytes)
1780153326.491429 sending message 112 to peer 0x600000110000 (13 bytes)
1780153326.491432 sending message 112 to peer 0x600000110000 (13 bytes)
1780153326.491435 sending message 112 to peer 0x600000110000 (12 bytes)
1780153326.491438 sending message 112 to peer 0x600000110000 (10 bytes)
1780153326.491440 sending message 112 to peer 0x600000110000 (12 bytes)
1780153326.491442 sending message 112 to peer 0x600000110000 (12 bytes)
1780153326.491445 sending message 112 to peer 0x600000110000 (12 bytes)
1780153326.491447 sending message 112 to peer 0x600000110000 (13 bytes)
1780153326.491450 sending message 112 to peer 0x600000110000 (13 bytes)
1780153326.491452 sending message 112 to peer 0x600000110000 (13 bytes)
1780153326.491454 sending message 112 to peer 0x600000110000 (13 bytes)
1780153326.491456 sending message 112 to peer 0x600000110000 (13 bytes)
1780153326.491458 sending message 112 to peer 0x600000110000 (13 bytes)
1780153326.491460 sending message 112 to peer 0x600000110000 (13 bytes)
1780153326.491463 sending message 112 to peer 0x600000110000 (10 bytes)
1780153326.491465 sending message 112 to peer 0x600000110000 (13 bytes)
1780153326.491468 sending message 112 to peer 0x600000110000 (12 bytes)
1780153326.491470 sending message 112 to peer 0x600000110000 (12 bytes)
1780153326.491472 sending message 112 to peer 0x600000110000 (12 bytes)
1780153326.491474 sending message 112 to peer 0x600000110000 (10 bytes)
1780153326.491476 sending message 112 to peer 0x600000110000 (10 bytes)
1780153326.491478 sending message 112 to peer 0x600000110000 (10 bytes)
1780153326.491479 sending message 112 to peer 0x600000110000 (12 bytes)
1780153326.491482 sending message 112 to peer 0x600000110000 (13 bytes)
1780153326.491484 sending message 112 to peer 0x600000110000 (13 bytes)
1780153326.491486 sending message 112 to peer 0x600000110000 (13 bytes)
1780153326.491489 sending message 112 to peer 0x600000110000 (13 bytes)
1780153326.491491 sending message 112 to peer 0x600000110000 (13 bytes)
1780153326.491493 sending message 112 to peer 0x600000110000 (10 bytes)
1780153326.491495 sending message 112 to peer 0x600000110000 (11 bytes)
1780153326.491498 sending message 112 to peer 0x600000110000 (12 bytes)
1780153326.491500 sending message 112 to peer 0x600000110000 (12 bytes)
1780153326.491502 sending message 112 to peer 0x600000110000 (12 bytes)
1780153326.491506 sending message 112 to peer 0x600000110000 (12 bytes)
1780153326.491509 sending message 112 to peer 0x600000110000 (12 bytes)
1780153326.491512 sending message 112 to peer 0x600000110000 (11 bytes)
1780153326.491515 sending message 112 to peer 0x600000110000 (12 bytes)
1780153326.491517 sending message 112 to peer 0x600000110000 (12 bytes)
1780153326.491519 sending message 112 to peer 0x600000110000 (13 bytes)
1780153326.491521 sending message 112 to peer 0x600000110000 (13 bytes)
1780153326.491524 sending message 112 to peer 0x600000110000 (13 bytes)
1780153326.491526 sending message 112 to peer 0x600000110000 (13 bytes)
1780153326.491529 sending message 112 to peer 0x600000110000 (13 bytes)
1780153326.491531 sending message 112 to peer 0x600000110000 (10 bytes)
1780153326.491534 sending message 112 to peer 0x600000110000 (9 bytes)
1780153326.491536 sending message 112 to peer 0x600000110000 (12 bytes)
1780153326.491538 sending message 112 to peer 0x600000110000 (13 bytes)
1780153326.491544 sending message 112 to peer 0x600000110000 (13 bytes)
1780153326.491546 sending message 112 to peer 0x600000110000 (13 bytes)
1780153326.491549 sending message 112 to peer 0x600000110000 (13 bytes)
1780153326.491551 sending message 112 to peer 0x600000110000 (13 bytes)
1780153326.491554 sending message 112 to peer 0x600000110000 (9 bytes)
1780153326.491556 sending message 112 to peer 0x600000110000 (12 bytes)
1780153326.491559 sending message 112 to peer 0x600000110000 (13 bytes)
1780153326.491561 sending message 112 to peer 0x600000110000 (13 bytes)
1780153326.491564 sending message 112 to peer 0x600000110000 (13 bytes)
1780153326.491566 sending message 112 to peer 0x600000110000 (13 bytes)
1780153326.491569 sending message 112 to peer 0x600000110000 (13 bytes)
1780153326.491572 sending message 112 to peer 0x600000110000 (11 bytes)
1780153326.491574 sending message 112 to peer 0x600000110000 (12 bytes)
1780153326.491577 sending message 112 to peer 0x600000110000 (13 bytes)
1780153326.491579 sending message 112 to peer 0x600000110000 (13 bytes)
1780153326.491581 sending message 112 to peer 0x600000110000 (13 bytes)
1780153326.491584 sending message 112 to peer 0x600000110000 (13 bytes)
1780153326.491587 sending message 112 to peer 0x600000110000 (13 bytes)
1780153326.491589 sending message 112 to peer 0x600000110000 (11 bytes)
1780153326.491592 sending message 112 to peer 0x600000110000 (12 bytes)
1780153326.491595 sending message 112 to peer 0x600000110000 (12 bytes)
1780153326.491597 sending message 112 to peer 0x600000110000 (12 bytes)
1780153326.491600 sending message 112 to peer 0x600000110000 (12 bytes)
1780153326.491602 sending message 112 to peer 0x600000110000 (12 bytes)
1780153326.491604 sending message 112 to peer 0x600000110000 (21 bytes)
1780153326.491606 sending message 112 to peer 0x600000110000 (12 bytes)
1780153326.491609 sending message 112 to peer 0x600000110000 (9 bytes)
1780153326.491612 sending message 112 to peer 0x600000110000 (6 bytes)
1780153326.491614 sending message 112 to peer 0x600000110000 (13 bytes)
1780153326.491616 sending message 112 to peer 0x600000110000 (10 bytes)
1780153326.491619 sending message 112 to peer 0x600000110000 (24 bytes)
1780153326.491622 sending message 112 to peer 0x600000110000 (13 bytes)
1780153326.491624 sending message 112 to peer 0x600000110000 (9 bytes)
1780153326.491626 sending message 112 to peer 0x600000110000 (70 bytes)
1780153326.491629 sending message 112 to peer 0x600000110000 (69 bytes)
1780153326.491631 sending message 112 to peer 0x600000110000 (12 bytes)
1780153326.491633 sending message 112 to peer 0x600000110000 (10 bytes)
1780153326.491636 sending message 112 to peer 0x600000110000 (10 bytes)
1780153326.491639 sending message 112 to peer 0x600000110000 (24 bytes)
1780153326.491640 sending message 112 to peer 0x600000110000 (13 bytes)
1780153326.491642 sending message 112 to peer 0x600000110000 (10 bytes)
1780153326.491644 sending message 112 to peer 0x600000110000 (10 bytes)
1780153326.491647 sending message 112 to peer 0x600000110000 (10 bytes)
1780153326.491649 sending message 112 to peer 0x600000110000 (13 bytes)
1780153326.491652 sending message 112 to peer 0x600000110000 (15 bytes)
1780153326.491654 sending message 112 to peer 0x600000110000 (5 bytes)
1780153326.491657 sending message 104 to peer 0x600000110000 (0 bytes)
1780153326.491660 sending message 110 to peer 0x600000110000 (0 bytes)
1780153326.491662 sending message 107 to peer 0x600000110000 (4 bytes)
1780153326.491664 sending message 105 to peer 0x600000110000 (20 bytes)
1780153326.491666 sending message 105 to peer 0x600000110000 (22 bytes)
1780153326.491668 sending message 105 to peer 0x600000110000 (21 bytes)
1780153326.491670 sending message 105 to peer 0x600000110000 (15 bytes)
1780153326.491671 sending message 105 to peer 0x600000110000 (17 bytes)
1780153326.491674 sending message 105 to peer 0x600000110000 (54 bytes)
1780153326.491676 sending message 105 to peer 0x600000110000 (559 bytes)
1780153326.491678 sending message 105 to peer 0x600000110000 (24 bytes)
1780153326.491685 sending message 105 to peer 0x600000110000 (15 bytes)
1780153326.491688 sending message 105 to peer 0x600000110000 (66 bytes)
1780153326.491690 sending message 105 to peer 0x600000110000 (22 bytes)
1780153326.491693 sending message 105 to peer 0x600000110000 (20 bytes)
1780153326.491695 sending message 105 to peer 0x600000110000 (26 bytes)
1780153326.491698 sending message 105 to peer 0x600000110000 (51 bytes)
1780153326.491700 sending message 105 to peer 0x600000110000 (57 bytes)
1780153326.491703 sending message 105 to peer 0x600000110000 (14 bytes)
1780153326.491706 sending message 105 to peer 0x600000110000 (50 bytes)
1780153326.491708 sending message 105 to peer 0x600000110000 (34 bytes)
1780153326.491711 sending message 105 to peer 0x600000110000 (17 bytes)
1780153326.491714 sending message 105 to peer 0x600000110000 (30 bytes)
1780153326.491716 sending message 105 to peer 0x600000110000 (23 bytes)
1780153326.491718 sending message 105 to peer 0x600000110000 (14 bytes)
1780153326.491721 sending message 105 to peer 0x600000110000 (19 bytes)
1780153326.491723 sending message 105 to peer 0x600000110000 (42 bytes)
1780153326.491725 sending message 105 to peer 0x600000110000 (39 bytes)
1780153326.491728 sending message 105 to peer 0x600000110000 (8 bytes)
1780153326.491730 sending message 105 to peer 0x600000110000 (39 bytes)
1780153326.491733 sending message 105 to peer 0x600000110000 (23 bytes)
1780153326.491736 sending message 105 to peer 0x600000110000 (30 bytes)
1780153326.491738 sending message 105 to peer 0x600000110000 (37 bytes)
1780153326.491740 sending message 105 to peer 0x600000110000 (34 bytes)
1780153326.491743 sending message 105 to peer 0x600000110000 (140 bytes)
1780153326.491745 sending message 105 to peer 0x600000110000 (35 bytes)
1780153326.491748 sending message 105 to peer 0x600000110000 (22 bytes)
1780153326.491750 sending message 105 to peer 0x600000110000 (25 bytes)
1780153326.491753 sending message 106 to peer 0x600000110000 (0 bytes)
1780153326.521889 sending message 200 to peer 0x600000110000 (4 bytes)
1780153326.521897 client loop enter
1780153326.521911 client_signal: Child exited: 20
1780153326.533479 peer 0x600000110000 message 207
1780153326.533527 sending message 208 to peer 0x600000110000 (0 bytes)
1780153326.536301 client_signal: Window size changes: 28
1780153326.536335 sending message 208 to peer 0x600000110000 (0 bytes)
1780153326.539057 client_signal: Window size changes: 28
1780153326.539066 sending message 208 to peer 0x600000110000 (0 bytes)
1780153329.463115 peer 0x600000110000 message 203
1780153329.463138 sending message 205 to peer 0x600000110000 (0 bytes)
1780153329.463611 peer 0x600000110000 message 204
1780153329.463659 client loop exit
